---
source: crates/ruff_python_formatter/src/comments/mod.rs
expression: comments.debug(test_case.source_code)
---
{
    Node {
        kind: Parameters,
        range: 9..39,
        source: `(‚èé`,
    }: {
        "leading": [],
        "dangling": [
            SourceComment {
                text: "# Some comment",
                position: OwnLine,
                formatted: false,
            },
        ],
        "trailing": [],
    },
}
