---
source: crates/ruff/src/rules/mccabe/mod.rs
---

