---
source: crates/ruff_python_parser/tests/fixtures.rs
input_file: crates/ruff_python_parser/resources/inline/ok/yield_inside_function.py
---
## AST

```
Module(
    ModModule {
        range: 0..94,
        body: [
            FunctionDef(
                StmtFunctionDef {
                    range: 0..93,
                    is_async: false,
                    decorator_list: [],
                    name: Identifier {
                        id: Name("f"),
                        range: 4..5,
                    },
                    type_params: None,
                    parameters: Parameters {
                        range: 5..7,
                        posonlyargs: [],
                        args: [],
                        vararg: None,
                        kwonlyargs: [],
                        kwarg: None,
                    },
                    returns: None,
                    body: [
                        Expr(
                            StmtExpr {
                                range: 13..20,
                                value: Yield(
                                    ExprYield {
                                        range: 13..20,
                                        value: Some(
                                            NumberLiteral(
                                                ExprNumberLiteral {
                                                    range: 19..20,
                                                    value: Int(
                                                        1,
                                                    ),
                                                },
                                            ),
                                        ),
                                    },
                                ),
                            },
                        ),
                        Expr(
                            StmtExpr {
                                range: 25..37,
                                value: YieldFrom(
                                    ExprYieldFrom {
                                        range: 25..37,
                                        value: NumberLiteral(
                                            ExprNumberLiteral {
                                                range: 36..37,
                                                value: Int(
                                                    1,
                                                ),
                                            },
                                        ),
                                    },
                                ),
                            },
                        ),
                        Expr(
                            StmtExpr {
                                range: 42..49,
                                value: Await(
                                    ExprAwait {
                                        range: 42..49,
                                        value: NumberLiteral(
                                            ExprNumberLiteral {
                                                range: 48..49,
                                                value: Int(
                                                    1,
                                                ),
                                            },
                                        ),
                                    },
                                ),
                            },
                        ),
                        Expr(
                            StmtExpr {
                                range: 54..59,
                                value: Yield(
                                    ExprYield {
                                        range: 54..59,
                                        value: None,
                                    },
                                ),
                            },
                        ),
                        Expr(
                            StmtExpr {
                                range: 64..93,
                                value: ListComp(
                                    ExprListComp {
                                        range: 64..93,
                                        elt: Yield(
                                            ExprYield {
                                                range: 66..73,
                                                value: Some(
                                                    Name(
                                                        ExprName {
                                                            range: 72..73,
                                                            id: Name("x"),
                                                            ctx: Load,
                                                        },
                                                    ),
                                                ),
                                            },
                                        ),
                                        generators: [
                                            Comprehension {
                                                range: 75..92,
                                                target: Name(
                                                    ExprName {
                                                        range: 79..80,
                                                        id: Name("x"),
                                                        ctx: Store,
                                                    },
                                                ),
                                                iter: Call(
                                                    ExprCall {
                                                        range: 84..92,
                                                        func: Name(
                                                            ExprName {
                                                                range: 84..89,
                                                                id: Name("range"),
                                                                ctx: Load,
                                                            },
                                                        ),
                                                        arguments: Arguments {
                                                            range: 89..92,
                                                            args: [
                                                                NumberLiteral(
                                                                    ExprNumberLiteral {
                                                                        range: 90..91,
                                                                        value: Int(
                                                                            3,
                                                                        ),
                                                                    },
                                                                ),
                                                            ],
                                                            keywords: [],
                                                        },
                                                    },
                                                ),
                                                ifs: [],
                                                is_async: false,
                                            },
                                        ],
                                    },
                                ),
                            },
                        ),
                    ],
                },
            ),
        ],
    },
)
```
