---
source: crates/ruff_linter/src/rules/pydoclint/mod.rs
---
DOC201_google.py:9:5: DOC201 `return` is not documented in docstring
  |
7 |         num (int): A number
8 |     """
9 |     return 'test'
  |     ^^^^^^^^^^^^^ DOC201
  |
  = help: Add a "Returns" section to the docstring

DOC201_google.py:50:9: DOC201 `return` is not documented in docstring
   |
48 |             num (int): A number
49 |         """
50 |         return 'test'
   |         ^^^^^^^^^^^^^ DOC201
   |
   = help: Add a "Returns" section to the docstring

DOC201_google.py:184:9: DOC201 `return` is not documented in docstring
    |
182 |     """
183 |     if x < 0:
184 |         return None
    |         ^^^^^^^^^^^ DOC201
185 |     else:
186 |         return x
    |
    = help: Add a "Returns" section to the docstring

DOC201_google.py:197:9: DOC201 `return` is not documented in docstring
    |
195 |     """
196 |     if x < 0:
197 |         return None
    |         ^^^^^^^^^^^ DOC201
198 |     else:
199 |         return x
    |
    = help: Add a "Returns" section to the docstring

DOC201_google.py:209:5: DOC201 `return` is not documented in docstring
    |
207 |         s (str): A string.
208 |     """
209 |     return None
    |     ^^^^^^^^^^^ DOC201
    |
    = help: Add a "Returns" section to the docstring
