---
source: crates/ruff/src/rules/isort/mod.rs
expression: diagnostics
---
- kind:
    name: UnsortedImports
    body: Import block is un-sorted or un-formatted
    suggestion: Organize imports
    fixable: true
  location:
    row: 1
    column: 0
  end_location:
    row: 13
    column: 0
  fix:
    content: "import glob\nimport os\nimport shutil\nimport tempfile\nimport time\nfrom subprocess import PIPE, STDOUT, Popen\n\nimport BAR\nimport bar\nimport FOO\nimport foo\nimport StringIO\nfrom module import BASIC, CONSTANT, Apple, Class, function\n"
    location:
      row: 1
      column: 0
    end_location:
      row: 13
      column: 0
  parent: ~

