---
source: crates/ruff_linter/src/rules/pylint/mod.rs
---
too_many_arguments_params.py:9:5: PLR0913 Too many arguments in function definition (6 > 5)
   |
 7 | # Too many args (6/4) for max_args=4
 8 | # Too many args (6/5) for dummy_variable_rgx ~ "skip_.*"
 9 | def f(x, y, z, t, u, v):
   |     ^ PLR0913
10 |     pass
   |


