---
source: src/rules/mod.rs
expression: checks
---
- kind: ConvertExitToSysExit
  location:
    row: 3
    column: 0
  end_location:
    row: 3
    column: 4
  fix:
    content: sys.exit
    location:
      row: 3
      column: 0
    end_location:
      row: 3
      column: 4
- kind: ConvertExitToSysExit
  location:
    row: 7
    column: 4
  end_location:
    row: 7
    column: 8
  fix:
    content: sys.exit
    location:
      row: 7
      column: 4
    end_location:
      row: 7
      column: 8

