---
source: crates/ruff_linter/src/linter.rs
---
<filename>:3:10: SyntaxError: wildcard makes remaining patterns unreachable
  |
2 | match value:
3 |     case _:
  |          ^
4 |         pass
5 |     case 1:
  |
