---
source: crates/ruff/src/rules/flake8_bandit/mod.rs
expression: diagnostics
---
- kind:
    name: HardcodedPasswordDefault
    body: "Possible hardcoded password: \"default\""
    suggestion: ~
    fixable: false
  location:
    row: 5
    column: 28
  end_location:
    row: 5
    column: 37
  fix:
    edits: []
  parent: ~
- kind:
    name: HardcodedPasswordDefault
    body: "Possible hardcoded password: \"posonly\""
    suggestion: ~
    fixable: false
  location:
    row: 13
    column: 44
  end_location:
    row: 13
    column: 53
  fix:
    edits: []
  parent: ~
- kind:
    name: HardcodedPasswordDefault
    body: "Possible hardcoded password: \"kwonly\""
    suggestion: ~
    fixable: false
  location:
    row: 21
    column: 38
  end_location:
    row: 21
    column: 46
  fix:
    edits: []
  parent: ~
- kind:
    name: HardcodedPasswordDefault
    body: "Possible hardcoded password: \"posonly\""
    suggestion: ~
    fixable: false
  location:
    row: 29
    column: 38
  end_location:
    row: 29
    column: 47
  fix:
    edits: []
  parent: ~
- kind:
    name: HardcodedPasswordDefault
    body: "Possible hardcoded password: \"kwonly\""
    suggestion: ~
    fixable: false
  location:
    row: 29
    column: 61
  end_location:
    row: 29
    column: 69
  fix:
    edits: []
  parent: ~

