---
source: crates/ruff/src/rules/flake8_bandit/mod.rs
---
S509.py:4:12: S509 You should not use SNMPv3 without encryption. `noAuthNoPriv` & `authNoPriv` is insecure.
  |
4 | insecure = UsmUserData("securityName")  # S509
  |            ^^^^^^^^^^^ S509
5 | auth_no_priv = UsmUserData("securityName", "authName")  # S509
  |

S509.py:5:16: S509 You should not use SNMPv3 without encryption. `noAuthNoPriv` & `authNoPriv` is insecure.
  |
5 | insecure = UsmUserData("securityName")  # S509
6 | auth_no_priv = UsmUserData("securityName", "authName")  # S509
  |                ^^^^^^^^^^^ S509
7 | 
8 | less_insecure = UsmUserData("securityName", "authName", "privName")  # OK
  |


