---
source: crates/ruff/src/rules/flake8_use_pathlib/mod.rs
---
py_path_1.py:3:5: PTH124 `py.path` is in maintenance mode, use `pathlib` instead
  |
3 | import py
4 | 
5 | p = py.path.local("../foo")
  |     ^^^^^^^^^^^^^ PTH124
  |


