---
source: crates/ruff_linter/src/rules/pycodestyle/mod.rs
---

