---
source: src/linter.rs
expression: checks
---
- kind:
    TrueFalseComparison:
      - true
      - Eq
  location:
    row: 2
    column: 10
  end_location:
    row: 2
    column: 14
  fix: ~
- kind:
    TrueFalseComparison:
      - false
      - NotEq
  location:
    row: 5
    column: 10
  end_location:
    row: 5
    column: 15
  fix: ~
- kind:
    TrueFalseComparison:
      - true
      - NotEq
  location:
    row: 8
    column: 3
  end_location:
    row: 8
    column: 7
  fix: ~
- kind:
    TrueFalseComparison:
      - false
      - Eq
  location:
    row: 11
    column: 3
  end_location:
    row: 11
    column: 8
  fix: ~
- kind:
    TrueFalseComparison:
      - true
      - Eq
  location:
    row: 14
    column: 13
  end_location:
    row: 14
    column: 17
  fix: ~
- kind:
    TrueFalseComparison:
      - false
      - NotEq
  location:
    row: 17
    column: 13
  end_location:
    row: 17
    column: 18
  fix: ~
- kind:
    TrueFalseComparison:
      - true
      - Eq
  location:
    row: 20
    column: 19
  end_location:
    row: 20
    column: 23
  fix: ~
- kind:
    TrueFalseComparison:
      - false
      - Eq
  location:
    row: 20
    column: 43
  end_location:
    row: 20
    column: 48
  fix: ~
- kind:
    TrueFalseComparison:
      - true
      - Eq
  location:
    row: 22
    column: 4
  end_location:
    row: 22
    column: 8
  fix: ~

